// Jest Snapshot v1, https://goo.gl/fbAQLP

exports[`GET /rest/:id Bankkonto zu vorhandener ID 1`] = `"https://gentlebookpro.local:3000/rest/1"`;
